// Jest Snapshot v1, https://goo.gl/fbAQLP

exports[`<HorizontalToken /> renders correctly and matches snapshot 1`] = `
<div
  className="flex w-full justify-between py-5 cursor-pointer border-b border-[#1F1D23] mobile:border-[#27262F] false"
>
  <div
    className="flex items-center"
  >
    <BodySmall
      className="text-purple_light mr-[18px]"
    >
      0
      1
    </BodySmall>
    <div
      className="relative w-[50px] h-[50px] rounded-full mr-3.5"
    >
      <img
        alt="token-logo"
        className="w-full h-full object-fill rounded-full"
        data-testid="horizontal-token-logo"
        src="https://example.com/logo.png"
      />
    </div>
    <div
      className="flex flex-col"
    >
      <Body>
        TNS
      </Body>
      <BodySmall
        className="text-purple_light"
      >
        Token Name
      </BodySmall>
    </div>
  </div>
  <div
    className="flex flex-col items-center"
  >
    <Body>
      $
      123.4567
    </Body>
    <TokensPercentage
      percentage={12.34}
    />
  </div>
</div>
`;
