// Vitest Snapshot v1, https://vitest.dev/guide/snapshot.html

exports[`<SelectChainDropdown /> > renders correctly and matches snapshot 1`] = `
<div
  className="relative undefined"
  data-testid="select-chain-dropdown"
  id="token-atlas-select-chain-dropdown"
>
  <button
    className="flex justify-between items-center w-full h-full p-4 bg-medium_grey rounded focus:outline-none false"
    onClick={[Function]}
    type="button"
  >
    <p
      className="text-[13px] font-semibold text-[17px] mobile:text-[15px] font-medium leading-5 line-clamp-1 capitalize"
    >
      Select chain
    </p>
    <img
      alt="arrow-down"
      className="transform "
      src="data:image/svg+xml,%3csvg%20width='14'%20height='14'%20viewBox='0%200%2014%2014'%20fill='none'%20xmlns='http://www.w3.org/2000/svg'%3e%3cpath%20d='M11.6199%205.22083L7.81655%209.02417C7.36738%209.47333%206.63238%209.47333%206.18322%209.02417L2.37988%205.22083'%20stroke='%23A3A3A3'%20stroke-width='2'%20stroke-miterlimit='10'%20stroke-linecap='round'%20stroke-linejoin='round'/%3e%3c/svg%3e"
    />
  </button>
</div>
`;
