// Vitest Snapshot v1, https://vitest.dev/guide/snapshot.html

exports[`<MediaGridCollection /> > renders correctly and matches snapshot 1`] = `
<div
  className="flex flex-col bg-medium_grey max-w-[394px] mobile:min-w-full tablet:basis-[47%] desktop:basis-1/3 rounded-[10px] p-1 shrink"
  data-testid="media-grid-collection"
  id="pillarx-feed-media-grid-collection"
>
  <div
    className="flex h-[274px] w-full"
  >
    <div
      className="flex h-full basis-[73%]"
    >
      <img
        alt="nft-image"
        className="object-cover w-full h-full rounded-md cursor-pointer"
        data-testid="display-collection-image"
        id="pillarx-feed-display-collection-image"
        onClick={[Function]}
        src="item-image-1.png"
      />
    </div>
    <div
      className="flex flex-col basis-[27%] h-full ml-1"
    >
      <img
        alt="nft-image"
        className="object-cover w-full h-[calc((274px-8px)/3)] rounded-md cursor-pointer"
        data-testid="display-collection-image"
        id="pillarx-feed-display-collection-image"
        onClick={[Function]}
        src="item-image-2.png"
      />
      <img
        alt="nft-image"
        className="object-cover w-full h-[calc((274px-8px)/3)] rounded-md mt-1 cursor-pointer"
        data-testid="display-collection-image"
        id="pillarx-feed-display-collection-image"
        onClick={[Function]}
        src="item-image-3.png"
      />
      <img
        alt="nft-image"
        className="object-cover w-full h-[calc((274px-8px)/3)] rounded-md mt-1 cursor-pointer"
        data-testid="display-collection-image"
        id="pillarx-feed-display-collection-image"
        onClick={[Function]}
        src="item-image-4.png"
      />
    </div>
  </div>
  <div
    className="flex mt-4 pb-3 px-2.5 items-center"
  >
    <img
      alt="nft-image"
      className="object-cover w-[50px] h-[50px] rounded-2xl mr-4 cursor-pointer"
      data-testid="display-collection-image"
      id="pillarx-feed-display-collection-image"
      onClick={[Function]}
      src="collection-image.png"
    />
    <div
      className="flex-col"
    >
      <a
        href="https://opensea.io/collection"
        rel="noreferrer"
        target="_blank"
      >
        <p
          className="text-base font-medium w-full"
        >
          Collection Name
        </p>
      </a>
    </div>
  </div>
</div>
`;

exports[`<MediaGridCollection /> renders correctly and matches snapshot 1`] = `
<div
  className="flex flex-col bg-medium_grey max-w-[394px] mobile:min-w-full tablet:basis-[47%] desktop:basis-1/3 rounded-[10px] p-1 shrink"
  data-testid="media-grid-collection"
  id="pillarx-feed-media-grid-collection"
>
  <div
    className="flex h-[274px] w-full"
  >
    <div
      className="flex h-full basis-[73%]"
    >
      <img
        alt="nft-image"
        className="object-cover w-full h-full rounded-md cursor-pointer"
        data-testid="display-collection-image"
        id="pillarx-feed-display-collection-image"
        onClick={[Function]}
        src="item-image-1.png"
      />
    </div>
    <div
      className="flex flex-col basis-[27%] h-full ml-1"
    >
      <img
        alt="nft-image"
        className="object-cover w-full h-[calc((274px-8px)/3)] rounded-md cursor-pointer"
        data-testid="display-collection-image"
        id="pillarx-feed-display-collection-image"
        onClick={[Function]}
        src="item-image-2.png"
      />
      <img
        alt="nft-image"
        className="object-cover w-full h-[calc((274px-8px)/3)] rounded-md mt-1 cursor-pointer"
        data-testid="display-collection-image"
        id="pillarx-feed-display-collection-image"
        onClick={[Function]}
        src="item-image-3.png"
      />
      <img
        alt="nft-image"
        className="object-cover w-full h-[calc((274px-8px)/3)] rounded-md mt-1 cursor-pointer"
        data-testid="display-collection-image"
        id="pillarx-feed-display-collection-image"
        onClick={[Function]}
        src="item-image-4.png"
      />
    </div>
  </div>
  <div
    className="flex mt-4 pb-3 px-2.5 items-center"
  >
    <img
      alt="nft-image"
      className="object-cover w-[50px] h-[50px] rounded-2xl mr-4 cursor-pointer"
      data-testid="display-collection-image"
      id="pillarx-feed-display-collection-image"
      onClick={[Function]}
      src="collection-image.png"
    />
    <div
      className="flex-col"
    >
      <a
        href="https://opensea.io/collection"
        rel="noreferrer"
        target="_blank"
      >
        <p
          className="text-base font-medium w-full"
        >
          Collection Name
        </p>
      </a>
    </div>
  </div>
</div>
`;
