// Jest Snapshot v1, https://goo.gl/fbAQLP

exports[`<PointsCard /> renders correctly and matches snapshot 1`] = `
<div>
  <div
    class="flex flex-col w-full gap-3 rounded-[10px] p-2 bg-blue-500"
  >
    <div
      class="relative w-full group flex gap-1.5 items-center"
    >
      <div
        class="flex h-6 w-6 items-center justify-center rounded-[5px]"
      >
        <img
          alt="Trading-icon"
          src="trading-icon.png"
        />
      </div>
      <div
        class="absolute bottom-full mb-2 left-0 rounded-lg border border-white/[.05] bg-[#25232D] px-2.5 py-2 text-[10px] text-white italic font-normal opacity-0 group-hover:opacity-100 transition-all duration-200 z-10 w-full origin-bottom scale-y-0 group-hover:scale-y-100 transform"
      >
        This is a tooltip
      </div>
      <p
        class="text-sm font-medium font-normal text-white"
      >
        Trading
      </p>
    </div>
    <div
      class="flex w-full items-center justify-between px-1"
    >
      <p
        class="text-sm font-medium font-normal text-white"
      >
        Points
      </p>
      <p
        class="text-sm font-medium font-semibold text-white"
      >
        1234
         
        <span
          class="text-white/[.5]"
        >
          PX
        </span>
      </p>
    </div>
    <div
      class="flex w-full items-center justify-between px-1 mb-1"
    >
      <p
        class="text-sm font-medium font-normal text-white"
      >
        Rank
      </p>
      <p
        class="text-sm font-medium font-semibold text-white"
      >
        <span
          class="text-white/[.5]"
        >
          #
        </span>
        1
      </p>
    </div>
  </div>
</div>
`;
