// Vitest Snapshot v1, https://vitest.dev/guide/snapshot.html

exports[`<SearchTokenModal /> > renders correctly and matches snapshot 1`] = `null`;

exports[`<SearchTokenModal /> renders correctly and matches snapshot 1`] = `null`;
