// Vitest Snapshot v1, https://vitest.dev/guide/snapshot.html

exports[`<PreviewBuy /> > renders correctly and matches snapshot 1`] = `
<div
  className="flex flex-col w-full max-w-[446px] bg-[#1E1D24] border border-white/5 rounded-[10px] p-6"
>
  <div
    className="flex justify-between mb-6"
  >
    <div
      className="text-xl font-normal"
    >
      Confirm Transaction
    </div>
    <div
      className="flex"
    >
      <div
        className="bg-[#121116] rounded-[10px] w-10 h-10 p-[2px_2px_4px_2px]"
      >
        <button
          aria-label="Refresh"
          className="flex items-center justify-center w-[36px] h-[34px] bg-[#1E1D24] rounded-[8px] cursor-pointer"
          disabled={false}
          onClick={[Function]}
          type="button"
        >
          <img
            alt="refresh-icon"
            src="data:image/svg+xml,%3csvg%20width='20'%20height='18'%20viewBox='0%200%2020%2018'%20fill='none'%20xmlns='http://www.w3.org/2000/svg'%3e%3cg%20opacity='0.5'%3e%3cpath%20d='M1.93781%209.03579C1.94148%207.2726%202.52824%205.55746%203.6071%204.1564C4.68595%202.75533%206.19659%201.74663%207.90475%201.28674C9.6129%200.826854%2011.4231%200.941474%2013.0546%201.61283C14.6861%202.28419%2016.0477%203.47475%2016.9282%204.99989M16.9282%204.99989L13.7631%204.51784M16.9282%204.99989L16.7272%201.65181'%20stroke='white'%20stroke-width='2'%20stroke-linecap='round'%20stroke-linejoin='round'/%3e%3cpath%20opacity='0.5'%20d='M18.0619%208.96372C18.0583%2010.7269%2017.4715%2012.442%2016.3927%2013.8431C15.3138%2015.2442%2013.8032%2016.2529%2012.095%2016.7128C10.3869%2017.1727%208.57666%2017.058%206.94518%2016.3867C5.31369%2015.7153%203.9521%2014.5248%203.07156%2012.9996M3.07156%2012.9996L6.23662%2013.4817M3.07156%2012.9996L3.27252%2016.3477'%20stroke='white'%20stroke-width='2'%20stroke-linecap='round'%20stroke-linejoin='round'/%3e%3c/g%3e%3c/svg%3e"
          />
        </button>
      </div>
      <div
        className="bg-[#121116] rounded-[10px] w-10 h-10 p-[2px_2px_4px_2px] ml-[10px]"
      >
        <button
          aria-label="Close"
          className="flex items-center justify-center w-[36px] h-[34px] bg-[#1E1D24] rounded-[8px]"
          data-testid="esc-button"
          onClick={[MockFunction spy]}
          type="button"
        >
          <p
            className="text-white/50 font-medium text-[13px] leading-[100%] tracking-[-0.02em] text-center"
          >
            ESC
          </p>
        </button>
      </div>
    </div>
  </div>
  <div
    className="flex justify-between mb-3 text-[13px] font-normal text-white/50"
  >
    <div>
      You're paying
    </div>
    <div
      className="flex"
    >
      Total: $
      100.00
    </div>
  </div>
  <div
    className="flex flex-col w-full border border-[#25232D] rounded-[10px] p-3 mb-6"
  >
    <div
      className="flex justify-between"
    >
      <div
        className="flex items-center"
      >
        <div
          className="relative inline-block mr-2"
        >
          <img
            alt="Main"
            className="w-8 h-8 rounded-full"
            src="usdc-logo.png"
          />
          <img
            alt="Chain logo"
            className="absolute -bottom-px right-0.5 w-3 h-3 rounded-full border border-[#1E1D24]"
            src="/src/assets/images/logo-ethereum.png"
          />
        </div>
        <div>
          <div
            className="flex items-center text-[13px] font-normal text-white"
          >
            <span>
              USD Coin
            </span>
            <span
              className="ml-1 text-white/50"
            >
              USDC
            </span>
          </div>
          <div
            className="flex items-center text-[13px] font-normal text-white/50"
          >
            <span>
              0xA0b8...C0C4
            </span>
            <div
              className="flex items-center ml-1 cursor-pointer"
              onClick={[Function]}
            >
              <img
                alt="copy-address-icon"
                className="w-[10px] h-3"
                src="data:image/svg+xml,%3csvg%20width='10'%20height='12'%20viewBox='0%200%2010%2012'%20fill='none'%20xmlns='http://www.w3.org/2000/svg'%3e%3cg%20opacity='0.5'%3e%3cpath%20opacity='0.5'%20d='M4%201.50004C4%200.671611%204.67157%203.76701e-05%205.5%203.76701e-05H8.5C9.32843%203.76701e-05%2010%200.671611%2010%201.50004V6.50004C10%207.32846%209.32843%208.00004%208.5%208.00004H7V5C7%203.89543%206.10457%203%205%203H4L4%201.50004Z'%20fill='white'/%3e%3cpath%20d='M0%205.5C0%204.67157%200.671573%204%201.5%204H4.5C5.32843%204%206%204.67157%206%205.5V10.5C6%2011.3284%205.32843%2012%204.5%2012H1.5C0.671573%2012%200%2011.3284%200%2010.5V5.5Z'%20fill='white'/%3e%3c/g%3e%3c/svg%3e"
              />
            </div>
          </div>
        </div>
      </div>
      <div
        className="flex flex-col justify-center text-right"
      >
        <div
          className="text-[13px] font-normal text-white"
        >
          100000000
        </div>
        <div
          className="text-xs font-normal text-white/50"
        >
          $
          100.00
        </div>
      </div>
    </div>
  </div>
  <div
    className="flex justify-between mb-3 text-[13px] font-normal text-white/50"
  >
    <div>
      You're buying
    </div>
  </div>
  <div
    className="flex justify-between w-full border border-[#25232D] rounded-[10px] p-3 mb-6"
  >
    <div
      className="flex items-center"
    >
      <div
        className="relative inline-block mr-2"
      >
        <img
          alt="Main"
          className="w-8 h-8 rounded-full"
          src="test-logo.png"
        />
        <img
          alt="Chain logo"
          className="absolute -bottom-px right-0.5 w-3 h-3 rounded-full border border-[#1E1D24]"
          src="/src/assets/images/logo-ethereum.png"
        />
      </div>
      <div>
        <div
          className="flex items-center text-[13px] font-normal text-white"
        >
          <span>
            USD Coin
          </span>
          <span
            className="ml-1 text-white/50"
          >
            TEST
          </span>
        </div>
        <div
          className="flex items-center text-[13px] font-normal text-white/50"
        >
          <span>
            0x1234...7890
          </span>
          <div
            className="flex items-center ml-1 cursor-pointer"
            onClick={[Function]}
          >
            <img
              alt="copy-address-icon"
              className="w-[10px] h-3"
              src="data:image/svg+xml,%3csvg%20width='10'%20height='12'%20viewBox='0%200%2010%2012'%20fill='none'%20xmlns='http://www.w3.org/2000/svg'%3e%3cg%20opacity='0.5'%3e%3cpath%20opacity='0.5'%20d='M4%201.50004C4%200.671611%204.67157%203.76701e-05%205.5%203.76701e-05H8.5C9.32843%203.76701e-05%2010%200.671611%2010%201.50004V6.50004C10%207.32846%209.32843%208.00004%208.5%208.00004H7V5C7%203.89543%206.10457%203%205%203H4L4%201.50004Z'%20fill='white'/%3e%3cpath%20d='M0%205.5C0%204.67157%200.671573%204%201.5%204H4.5C5.32843%204%206%204.67157%206%205.5V10.5C6%2011.3284%205.32843%2012%204.5%2012H1.5C0.671573%2012%200%2011.3284%200%2010.5V5.5Z'%20fill='white'/%3e%3c/g%3e%3c/svg%3e"
            />
          </div>
        </div>
      </div>
    </div>
    <div
      className="flex flex-col justify-center text-right"
    >
      <div
        className="text-[13px] font-normal text-white"
      >
        1.000000
      </div>
      <div
        className="text-xs font-normal text-white/50"
      >
        $
        100.00
      </div>
    </div>
  </div>
  <div
    className="flex justify-between mb-3 text-[13px] font-normal text-white/50"
  >
    <div>
      Details
    </div>
  </div>
  <div
    className="flex flex-col w-full border border-[#25232D] rounded-[10px] p-3 mb-3"
  >
    <div
      className="flex justify-between mb-3"
    >
      <div
        className="flex items-center text-white/50 text-[13px] font-normal"
      >
        <div>
          Rate
        </div>
        <div
          className="ml-1.5"
        >
          <div
            className="relative inline-block"
          >
            <div
              className="cursor-help"
              onMouseEnter={[Function]}
              onMouseLeave={[Function]}
            >
              <div
                className="w-3 h-3 rounded-full bg-white/10 flex items-center justify-center"
              >
                <span
                  className="text-white/50 text-[10px] font-normal"
                >
                  ?
                </span>
              </div>
            </div>
          </div>
        </div>
      </div>
      <div>
        <div
          className="flex items-center text-[13px] font-normal text-white"
        >
          <div>
            1 USD â‰ˆ 0.010
          </div>
          <div
            className="ml-1 text-white/50"
          >
            TEST
          </div>
        </div>
      </div>
    </div>
    <div
      className="flex justify-between mb-3"
    >
      <div
        className="flex items-center text-white/50 text-[13px] font-normal"
      >
        <div>
          Minimum receive
        </div>
        <div
          className="ml-1.5"
        >
          <div
            className="relative inline-block"
          >
            <div
              className="cursor-help"
              onMouseEnter={[Function]}
              onMouseLeave={[Function]}
            >
              <div
                className="w-3 h-3 rounded-full bg-white/10 flex items-center justify-center"
              >
                <span
                  className="text-white/50 text-[10px] font-normal"
                >
                  ?
                </span>
              </div>
            </div>
          </div>
        </div>
      </div>
      <div>
        <div
          className="flex items-center text-[13px] font-normal text-white"
        >
          <div>
            0.970000 TEST
          </div>
        </div>
      </div>
    </div>
    <div
      className="flex justify-between mb-3"
    >
      <div
        className="flex items-center text-white/50 text-[13px] font-normal"
      >
        <div>
          Price impact
        </div>
        <div
          className="ml-1.5"
        >
          <div
            className="relative inline-block"
          >
            <div
              className="cursor-help"
              onMouseEnter={[Function]}
              onMouseLeave={[Function]}
            >
              <div
                className="w-3 h-3 rounded-full bg-white/10 flex items-center justify-center"
              >
                <span
                  className="text-white/50 text-[10px] font-normal"
                >
                  ?
                </span>
              </div>
            </div>
          </div>
        </div>
      </div>
      <div>
        <div
          className="flex items-center text-[13px] font-normal text-white"
        >
          <div>
            0.00%
          </div>
        </div>
      </div>
    </div>
    <div
      className="flex justify-between mb-3"
    >
      <div
        className="flex items-center text-white/50 text-[13px] font-normal"
      >
        <div>
          Max slippage
        </div>
        <div
          className="ml-1.5"
        >
          <div
            className="relative inline-block"
          >
            <div
              className="cursor-help"
              onMouseEnter={[Function]}
              onMouseLeave={[Function]}
            >
              <div
                className="w-3 h-3 rounded-full bg-white/10 flex items-center justify-center"
              >
                <span
                  className="text-white/50 text-[10px] font-normal"
                >
                  ?
                </span>
              </div>
            </div>
          </div>
        </div>
      </div>
      <div>
        <div
          className="flex items-center text-[13px] font-normal text-white"
        >
          <div>
            3.0%
          </div>
        </div>
      </div>
    </div>
    <div
      className="flex justify-between mb-3"
    >
      <div
        className="flex items-center text-white/50 text-[13px] font-normal"
      >
        <div>
          Gas fee
        </div>
        <div
          className="ml-1.5"
        >
          <div
            className="relative inline-block"
          >
            <div
              className="cursor-help"
              onMouseEnter={[Function]}
              onMouseLeave={[Function]}
            >
              <div
                className="w-3 h-3 rounded-full bg-white/10 flex items-center justify-center"
              >
                <span
                  className="text-white/50 text-[10px] font-normal"
                >
                  ?
                </span>
              </div>
            </div>
          </div>
        </div>
      </div>
      <div>
        <div
          className="flex items-center text-[13px] font-normal text-white"
        >
          <div>
            â‰ˆ $0.00
          </div>
        </div>
      </div>
    </div>
  </div>
  <div
    className="w-full rounded-[10px] bg-[#121116] p-[2px_2px_6px_2px]"
  >
    <button
      className="flex items-center justify-center w-full rounded-[8px] h-[42px] p-[1px_6px_1px_6px] bg-[#8A77FF]"
      disabled={false}
      onClick={[Function]}
      type="submit"
    >
      Confirm
    </button>
  </div>
</div>
`;
