// Jest Snapshot v1, https://goo.gl/fbAQLP

exports[`<TokensHorizontalTile /> displays loading skeleton when data is loading 1`] = `null`;

exports[`<TokensHorizontalTile /> renders correctly and matches snapshot 1`] = `
<div>
  <div
    className="flex bg-container_grey rounded-2xl flex-col px-10 pt-[30px] pb-5 tablet:p-5 mobile:p-0 mobile:bg-[#1F1D23]"
    id="tokens-horizontal-tile"
  >
    <p
      className="text-base font-medium text-purple_light mb-2.5"
    >
      horizontal title
    </p>
    <div
      className="flex justify-between"
    >
      <div
        className="flex flex-col py-5 px-[22px] gap-1 w-[122px] h-auto items-center cursor-pointer tablet:w-[120px] mobile:w-[100px] mobile:px-3.5"
        onClick={[Function]}
      >
        <img
          alt="token-logo"
          className="w-[70px] h-[70px] object-fill rounded-full mb-3.5"
          src="https://www.logo.com/example/"
        />
        <p
          className="text-base font-medium text-center"
        >
          The best token
        </p>
      </div>
    </div>
  </div>
</div>
`;
