// Jest Snapshot v1, https://goo.gl/fbAQLP

exports[`<RightColumnTokenMarketDataRow /> - ETH token row renders and matches snapshot 1`] = `
{
  "asFragment": [Function],
  "baseElement": <body>
    <div>
      <div
        class="flex flex-col h-full items-end justify-between flex-shrink-0"
      >
        <div
          class="flex desktop:gap-1 tablet:gap-1 mobile:flex-col mobile:items-end"
        >
          <p
            class="font-normal desktop:text-market_row_green tablet:text-market_row_green false mobile:text-white desktop:text-base tablet:text-base mobile:text-sm"
          >
            $
            0.04219
          </p>
          <div
            class="flex gap-1 items-center desktop:px-1 desktop:rounded tablet:px-1 tablet:rounded text-market_row_green desktop:bg-market_row_green/[.1] tablet:bg-market_row_green/[.1] mobile:bg-transparent false"
          >
            <svg
              color="#5CFF93"
              fill="none"
              height="6"
              stroke="currentColor"
              stroke-linecap="round"
              stroke-linejoin="round"
              stroke-width="2"
              style="color: rgb(92, 255, 147); transform: none;"
              viewBox="0 0 24 24"
              width="6"
              xmlns="http://www.w3.org/2000/svg"
            >
              <path
                d="M0 0h24v24H0z"
                fill="none"
                stroke="none"
              />
              <path
                d="M12 1.67a2.914 2.914 0 0 0 -2.492 1.403l-8.11 13.537a2.914 2.914 0 0 0 2.484 4.385h16.225a2.914 2.914 0 0 0 2.503 -4.371l-8.116 -13.546a2.917 2.917 0 0 0 -2.494 -1.408z"
                fill="currentColor"
                stroke-width="0"
              />
            </svg>
            <p
              class="text-sm font-medium font-normal"
            >
              20.1%
            </p>
          </div>
        </div>
        <p
          class="text-sm font-medium font-normal mobile:hidden text-white"
        >
          <span
            class="text-white/[.5]"
          >
            Txs:
          </span>
           
          1823
        </p>
      </div>
    </div>
  </body>,
  "container": <div>
    <div
      class="flex flex-col h-full items-end justify-between flex-shrink-0"
    >
      <div
        class="flex desktop:gap-1 tablet:gap-1 mobile:flex-col mobile:items-end"
      >
        <p
          class="font-normal desktop:text-market_row_green tablet:text-market_row_green false mobile:text-white desktop:text-base tablet:text-base mobile:text-sm"
        >
          $
          0.04219
        </p>
        <div
          class="flex gap-1 items-center desktop:px-1 desktop:rounded tablet:px-1 tablet:rounded text-market_row_green desktop:bg-market_row_green/[.1] tablet:bg-market_row_green/[.1] mobile:bg-transparent false"
        >
          <svg
            color="#5CFF93"
            fill="none"
            height="6"
            stroke="currentColor"
            stroke-linecap="round"
            stroke-linejoin="round"
            stroke-width="2"
            style="color: rgb(92, 255, 147); transform: none;"
            viewBox="0 0 24 24"
            width="6"
            xmlns="http://www.w3.org/2000/svg"
          >
            <path
              d="M0 0h24v24H0z"
              fill="none"
              stroke="none"
            />
            <path
              d="M12 1.67a2.914 2.914 0 0 0 -2.492 1.403l-8.11 13.537a2.914 2.914 0 0 0 2.484 4.385h16.225a2.914 2.914 0 0 0 2.503 -4.371l-8.116 -13.546a2.917 2.917 0 0 0 -2.494 -1.408z"
              fill="currentColor"
              stroke-width="0"
            />
          </svg>
          <p
            class="text-sm font-medium font-normal"
          >
            20.1%
          </p>
        </div>
      </div>
      <p
        class="text-sm font-medium font-normal mobile:hidden text-white"
      >
        <span
          class="text-white/[.5]"
        >
          Txs:
        </span>
         
        1823
      </p>
    </div>
  </div>,
  "debug": [Function],
  "findAllByAltText": [Function],
  "findAllByDisplayValue": [Function],
  "findAllByLabelText": [Function],
  "findAllByPlaceholderText": [Function],
  "findAllByRole": [Function],
  "findAllByTestId": [Function],
  "findAllByText": [Function],
  "findAllByTitle": [Function],
  "findByAltText": [Function],
  "findByDisplayValue": [Function],
  "findByLabelText": [Function],
  "findByPlaceholderText": [Function],
  "findByRole": [Function],
  "findByTestId": [Function],
  "findByText": [Function],
  "findByTitle": [Function],
  "getAllByAltText": [Function],
  "getAllByDisplayValue": [Function],
  "getAllByLabelText": [Function],
  "getAllByPlaceholderText": [Function],
  "getAllByRole": [Function],
  "getAllByTestId": [Function],
  "getAllByText": [Function],
  "getAllByTitle": [Function],
  "getByAltText": [Function],
  "getByDisplayValue": [Function],
  "getByLabelText": [Function],
  "getByPlaceholderText": [Function],
  "getByRole": [Function],
  "getByTestId": [Function],
  "getByText": [Function],
  "getByTitle": [Function],
  "queryAllByAltText": [Function],
  "queryAllByDisplayValue": [Function],
  "queryAllByLabelText": [Function],
  "queryAllByPlaceholderText": [Function],
  "queryAllByRole": [Function],
  "queryAllByTestId": [Function],
  "queryAllByText": [Function],
  "queryAllByTitle": [Function],
  "queryByAltText": [Function],
  "queryByDisplayValue": [Function],
  "queryByLabelText": [Function],
  "queryByPlaceholderText": [Function],
  "queryByRole": [Function],
  "queryByTestId": [Function],
  "queryByText": [Function],
  "queryByTitle": [Function],
  "rerender": [Function],
  "unmount": [Function],
}
`;
