// Vitest Snapshot v1, https://vitest.dev/guide/snapshot.html

exports[`<EIP7702UpgradeAction /> > Rendering > renders correctly and matches snapshot 1`] = `
[
  <div
    className="flex flex-col gap-2.5 items-center"
  >
    <img
      alt="upgrade-green-arrows"
      className="w-[66px] h-[44px]"
      src="data:image/svg+xml,%3csvg%20width='66'%20height='44'%20viewBox='0%200%2066%2044'%20fill='none'%20xmlns='http://www.w3.org/2000/svg'%3e%3cpath%20d='M27.5%2019.25V41.6429C27.5%2042.9447%2028.5553%2044%2029.8571%2044H36.1429C37.4447%2044%2038.5%2042.9447%2038.5%2041.6429V19.25H44.3751C46.3889%2019.25%2047.4753%2016.8879%2046.1647%2015.3589L34.7897%202.08796C33.849%200.990443%2032.151%200.990442%2031.2103%202.08795L19.8353%2015.3588C18.5247%2016.8879%2019.6111%2019.25%2021.6249%2019.25H27.5Z'%20fill='%235CFF93'/%3e%3cpath%20opacity='0.5'%20d='M7.33333%2028.5312V36.1429C7.33333%2037.4447%208.38866%2038.5%209.69048%2038.5H12.3095C13.6113%2038.5%2014.6667%2037.4447%2014.6667%2036.1429V28.5312H16.6511C18.7006%2028.5312%2019.7737%2026.0962%2018.3907%2024.5836L12.7396%2018.4027C11.8051%2017.3806%2010.1949%2017.3806%209.26036%2018.4027L3.6093%2024.5836C2.22635%2026.0962%203.29943%2028.5312%205.34894%2028.5312H7.33333Z'%20fill='%235CFF93'/%3e%3cpath%20opacity='0.5'%20d='M51.3333%2028.5312V36.1429C51.3333%2037.4447%2052.3887%2038.5%2053.6905%2038.5H56.3095C57.6113%2038.5%2058.6667%2037.4447%2058.6667%2036.1429V28.5312H60.6511C62.7006%2028.5312%2063.7737%2026.0962%2062.3907%2024.5836L56.7396%2018.4027C55.8051%2017.3806%2054.1949%2017.3806%2053.2604%2018.4027L47.6093%2024.5836C46.2264%2026.0962%2047.2994%2028.5312%2049.3489%2028.5312H51.3333Z'%20fill='%235CFF93'/%3e%3c/svg%3e"
    />
    <p
      className="text-white font-normal text-xl"
    >
      Upgrade your account
    </p>
    <div
      className="flex justify-center items-center text-sm font-normal gap-1"
    >
      <p
        className="text-white"
      >
        Network:
      </p>
      <img
        alt="logo-ethereum"
        className="rounded-full w-4 h-4 flex-shrink-0"
        src="/src/assets/images/logo-ethereum.png"
      />
      <p
        className="text-[#627EEA]"
      >
        Ethereum
      </p>
    </div>
  </div>,
  <div
    className="flex flex-col gap-2"
  >
    <div
      className="flex items-center gap-[7px]"
    >
      <div
        className="flex items-center justify-center w-4 h-4 rounded-full bg-[#8A77FF] border-[1.5px] border-[#A594FF]"
      >
        <svg
          className="w-3 h-3 text-white"
          fill="currentColor"
          strokeWidth="2"
          viewBox="0 0 20 20"
        >
          <path
            clipRule="evenodd"
            d="M16.707 5.293a1 1 0 010 1.414l-8 8a1 1 0 01-1.414 0l-4-4a1 1 0 011.414-1.414L8 12.586l7.293-7.293a1 1 0 011.414 0z"
            fillRule="evenodd"
          />
        </svg>
      </div>
      <p
        className="text-white text-base font-normal"
      >
        <span
          className="text-white"
          style={
            {
              "opacity": 0.7,
            }
          }
        >
          Faster Transactions.
           
        </span>
        Lower fees.
      </p>
    </div>
    <div
      className="flex items-center gap-[7px]"
    >
      <div
        className="flex items-center justify-center w-4 h-4 rounded-full bg-[#8A77FF] border-[1.5px] border-[#A594FF]"
      >
        <svg
          className="w-3 h-3 text-white"
          fill="currentColor"
          strokeWidth="2"
          viewBox="0 0 20 20"
        >
          <path
            clipRule="evenodd"
            d="M16.707 5.293a1 1 0 010 1.414l-8 8a1 1 0 01-1.414 0l-4-4a1 1 0 011.414-1.414L8 12.586l7.293-7.293a1 1 0 011.414 0z"
            fillRule="evenodd"
          />
        </svg>
      </div>
      <p
        className="text-white text-base font-normal"
      >
        <span
          className="text-white"
          style={
            {
              "opacity": 0.7,
            }
          }
        >
          Pay with any token.
           
        </span>
        Any time.
      </p>
    </div>
    <div
      className="flex items-center gap-[7px]"
    >
      <div
        className="flex items-center justify-center w-4 h-4 rounded-full bg-[#8A77FF] border-[1.5px] border-[#A594FF]"
      >
        <svg
          className="w-3 h-3 text-white"
          fill="currentColor"
          strokeWidth="2"
          viewBox="0 0 20 20"
        >
          <path
            clipRule="evenodd"
            d="M16.707 5.293a1 1 0 010 1.414l-8 8a1 1 0 01-1.414 0l-4-4a1 1 0 011.414-1.414L8 12.586l7.293-7.293a1 1 0 011.414 0z"
            fillRule="evenodd"
          />
        </svg>
      </div>
      <p
        className="text-white text-base font-normal"
      >
        <span
          className="text-white"
          style={
            {
              "opacity": 0.7,
            }
          }
        >
          Same account.
           
        </span>
        Smart Features.
      </p>
    </div>
  </div>,
  <div
    className="flex flex-col gap-2 w-full items-center"
  >
    <div
      className="flex gap-2 items-center"
    >
      <p
        className="text-[13px] text-white font-normal"
        style={
          {
            "opacity": 0.7,
          }
        }
      >
        Fees:
      </p>
      <p
        className="text-[13px] text-white font-normal"
      >
        0.001
         
        ETH
      </p>
    </div>
    <div
      className="w-full rounded-[10px] bg-[#121116] p-[2px_2px_6px_2px]"
    >
      <button
        className="flex items-center justify-center w-full rounded-[8px] h-[42px] p-[1px_6px_1px_6px] text-white font-normal text-base transition-opacity bg-[#8A77FF] hover:opacity-90"
        disabled={false}
        onClick={[MockFunction spy]}
        type="button"
      >
        Upgrade now
      </button>
    </div>
    <button
      className="text-white text-xs font-normal underline underline-offset-2 opacity-70"
      onClick={[MockFunction spy]}
      type="button"
    >
      Upgrade later
    </button>
  </div>,
]
`;
