// Vitest Snapshot v1, https://vitest.dev/guide/snapshot.html

exports[`<EnterAmount /> > renders correctly and matches snapshot 1`] = `
<div
  className="flex flex-col gap-1 group"
  id="enter-amount-exchange"
>
  <p
    className="text-xs font-normal text-black_grey group-hover:text-black_grey/[.4] font-normal"
  />
  <input
    className="text-black_grey font-normal !text-3xl outline-none focus:outline-none focus:ring-0 focus:bg-[#292D32]/[.05] focus:border-b focus:border-b-black_grey group-hover:bg-[#292D32]/[.05] group-hover:border-b group-hover:border-b-black_grey"
    data-testid="enter-amount-input"
    id="input-enter-amount-exchange"
    onChange={[Function]}
    placeholder="0"
    step="any"
    style={
      {
        "width": "100%",
      }
    }
    type="number"
    value=""
  />
  <div
    className="flex justify-between"
  >
    <p
      className="text-xs font-normal text-black_grey group-hover:text-black_grey/[.4]"
    >
      $
      0.01
    </p>
    <img
      alt="Send"
      src="/src/apps/the-exchange/images/send-arrow.png"
    />
  </div>
</div>
`;
