// Jest Snapshot v1, https://goo.gl/fbAQLP

exports[`<DropdownTokenList /> renders correctly and matches snapshot 1`] = `
[
  <div
    className="fixed inset-0 bg-black_grey/[.9] -z-10"
    data-testid="dropdown-token-list"
    id="dropdown-token-list-exchange"
  >
    <button
      className="fixed top-0 right-0 w-[50px] h-[50px] mt-6 mr-4 mb-20 desktop:mr-14 desktop:mb-28 bg-black"
      data-testid="close-card-button"
      onClick={[Function]}
      type="button"
    >
      <img
        alt="close-modal-button"
        className="w-full h-auto"
        src="add.png"
      />
    </button>
  </div>,
  <div
    className="flex flex-col w-full max-w-[420px]"
  >
    <div
      className="flex flex-row gap-[10px] p-4 w-full rounded-t-[3px] border-b border-b-black_grey bg-light_green"
    >
      <div
        className="false h-[34px] z-20"
        id="select-chain-dropdown-list-exchange"
      >
        <button
          className="flex justify-between w-full h-full p-2 bg-white rounded-[3px] focus:outline-none"
          onClick={[Function]}
          type="button"
        >
          <p
            className="text-base font-medium text-black_grey text-black capitalize"
          >
            Polygon
          </p>
          <img
            alt="arrow-down"
            src="arrow-down.png"
          />
        </button>
      </div>
      <div
        className="undefined w-full relative h-[34px]"
        id="token-search-input-exchange"
      >
        <input
          className="w-full h-full rounded-[3px] p-2 pr-9 bg-white focus:outline-none focus:ring-0 font-normal text-black text-md placeholder-[#717171] undefined"
          onChange={[Function]}
          placeholder="Search tokens"
          value=""
        />
        <span
          className="absolute inset-y-0 right-0 flex items-center pr-2 cursor-pointer"
          onClick={[Function]}
        >
          <img
            alt="search-icon"
            src="search-icon.png"
          />
        </span>
      </div>
    </div>
    <div
      className="flex flex-col p-4 w-full rounded-b-[3px] max-h-[272px] mr-4 overflow-y-auto bg-light_green"
      id="token-list-exchange"
    >
      <div
        className="flex justify-between items-end border-b py-4 border-b-black_grey group group-hover:border-b-black_grey/[.6] cursor-pointer"
        data-testid="token-list-item"
        id="token-list-item-exchange"
        onClick={[Function]}
      >
        <div
          className="flex items-center"
        >
          <div
            className="flex min-w-fit items-end"
          >
            <img
              alt="token-logo"
              className="w-[30px] h-[30px] object-fill rounded-full grayscale"
              src="iconMatic.png"
            />
            <div
              className="w-3.5 h-3.5 rounded-full border border-white relative right-[7px] hidden"
            >
              <img
                alt="chain-logo"
                className="w-full h-full object-fill rounded-full grayscale hidden"
              />
            </div>
          </div>
          <div
            className="flex flex-col ml-[10px]"
          >
            <p
              className="text-base font-medium text-black_grey group-hover:opacity-60"
            >
              POL
            </p>
            <p
              className="text-xs font-normal text-black_grey group-hover:opacity-60"
            >
              POL
            </p>
          </div>
        </div>
        <p
          className="text-xs font-normal text-black_grey group-hover:opacity-60 capitalize"
        >
          On 
          137
        </p>
      </div>
    </div>
  </div>,
]
`;
