// Vitest Snapshot v1, https://vitest.dev/guide/snapshot.html

exports[`<WalletPortfolioTile /> > renders correctly and matches snapshot 1`] = `
{
  "asFragment": [Function],
  "baseElement": <body>
    <div>
      <div
        class="flex bg-container_grey rounded-3xl desktop:p-9 desktop:gap-9"
        id="wallet-portfolio-tile"
      >
        <div
          class="flex flex-col rounded-xl desktop:border-[1px] desktop:border-lighter_container_grey p-3.5 w-full desktop:gap-4 gap-3"
        >
          <div>
            WalletPortfolioBalance
          </div>
          <div
            class="tablet:hidden mobile:hidden desktop:flex w-full"
          >
            <div>
              WalletPortfolioButtons
            </div>
          </div>
          <div>
            PrimeTokensBalance
          </div>
          <div
            class="desktop:hidden mobile:flex tablet:flex rounded-xl w-full"
          >
            <div>
              WalletPortfolioGraph
            </div>
          </div>
          <div
            class="desktop:hidden mobile:flex tablet:flex w-full"
          >
            <div>
              WalletPortfolioButtons
            </div>
          </div>
          <div>
            TopTokens
          </div>
        </div>
        <div
          class="tablet:hidden mobile:hidden desktop:flex rounded-xl border-[1px] border-lighter_container_grey w-full"
        >
          <div>
            WalletPortfolioGraph
          </div>
        </div>
      </div>
    </div>
  </body>,
  "container": <div>
    <div
      class="flex bg-container_grey rounded-3xl desktop:p-9 desktop:gap-9"
      id="wallet-portfolio-tile"
    >
      <div
        class="flex flex-col rounded-xl desktop:border-[1px] desktop:border-lighter_container_grey p-3.5 w-full desktop:gap-4 gap-3"
      >
        <div>
          WalletPortfolioBalance
        </div>
        <div
          class="tablet:hidden mobile:hidden desktop:flex w-full"
        >
          <div>
            WalletPortfolioButtons
          </div>
        </div>
        <div>
          PrimeTokensBalance
        </div>
        <div
          class="desktop:hidden mobile:flex tablet:flex rounded-xl w-full"
        >
          <div>
            WalletPortfolioGraph
          </div>
        </div>
        <div
          class="desktop:hidden mobile:flex tablet:flex w-full"
        >
          <div>
            WalletPortfolioButtons
          </div>
        </div>
        <div>
          TopTokens
        </div>
      </div>
      <div
        class="tablet:hidden mobile:hidden desktop:flex rounded-xl border-[1px] border-lighter_container_grey w-full"
      >
        <div>
          WalletPortfolioGraph
        </div>
      </div>
    </div>
  </div>,
  "debug": [Function],
  "findAllByAltText": [Function],
  "findAllByDisplayValue": [Function],
  "findAllByLabelText": [Function],
  "findAllByPlaceholderText": [Function],
  "findAllByRole": [Function],
  "findAllByTestId": [Function],
  "findAllByText": [Function],
  "findAllByTitle": [Function],
  "findByAltText": [Function],
  "findByDisplayValue": [Function],
  "findByLabelText": [Function],
  "findByPlaceholderText": [Function],
  "findByRole": [Function],
  "findByTestId": [Function],
  "findByText": [Function],
  "findByTitle": [Function],
  "getAllByAltText": [Function],
  "getAllByDisplayValue": [Function],
  "getAllByLabelText": [Function],
  "getAllByPlaceholderText": [Function],
  "getAllByRole": [Function],
  "getAllByTestId": [Function],
  "getAllByText": [Function],
  "getAllByTitle": [Function],
  "getByAltText": [Function],
  "getByDisplayValue": [Function],
  "getByLabelText": [Function],
  "getByPlaceholderText": [Function],
  "getByRole": [Function],
  "getByTestId": [Function],
  "getByText": [Function],
  "getByTitle": [Function],
  "queryAllByAltText": [Function],
  "queryAllByDisplayValue": [Function],
  "queryAllByLabelText": [Function],
  "queryAllByPlaceholderText": [Function],
  "queryAllByRole": [Function],
  "queryAllByTestId": [Function],
  "queryAllByText": [Function],
  "queryAllByTitle": [Function],
  "queryByAltText": [Function],
  "queryByDisplayValue": [Function],
  "queryByLabelText": [Function],
  "queryByPlaceholderText": [Function],
  "queryByRole": [Function],
  "queryByTestId": [Function],
  "queryByText": [Function],
  "queryByTitle": [Function],
  "rerender": [Function],
  "unmount": [Function],
}
`;

exports[`<WalletPortfolioTile /> renders correctly and matches snapshot 1`] = `
{
  "asFragment": [Function],
  "baseElement": <body>
    <div>
      <div
        class="flex bg-container_grey rounded-3xl desktop:p-9 desktop:gap-9"
        id="wallet-portfolio-tile"
      >
        <div
          class="flex flex-col rounded-xl desktop:border-[1px] desktop:border-lighter_container_grey p-3.5 w-full desktop:gap-4 gap-3"
        >
          <div>
            WalletPortfolioBalance
          </div>
          <div
            class="tablet:hidden mobile:hidden desktop:flex w-full"
          >
            <div>
              WalletPortfolioButtons
            </div>
          </div>
          <div>
            PrimeTokensBalance
          </div>
          <div
            class="desktop:hidden mobile:flex tablet:flex rounded-xl w-full"
          >
            <div>
              WalletPortfolioGraph
            </div>
          </div>
          <div
            class="desktop:hidden mobile:flex tablet:flex w-full"
          >
            <div>
              WalletPortfolioButtons
            </div>
          </div>
          <div>
            TopTokens
          </div>
        </div>
        <div
          class="tablet:hidden mobile:hidden desktop:flex rounded-xl border-[1px] border-lighter_container_grey w-full"
        >
          <div>
            WalletPortfolioGraph
          </div>
        </div>
      </div>
    </div>
  </body>,
  "container": <div>
    <div
      class="flex bg-container_grey rounded-3xl desktop:p-9 desktop:gap-9"
      id="wallet-portfolio-tile"
    >
      <div
        class="flex flex-col rounded-xl desktop:border-[1px] desktop:border-lighter_container_grey p-3.5 w-full desktop:gap-4 gap-3"
      >
        <div>
          WalletPortfolioBalance
        </div>
        <div
          class="tablet:hidden mobile:hidden desktop:flex w-full"
        >
          <div>
            WalletPortfolioButtons
          </div>
        </div>
        <div>
          PrimeTokensBalance
        </div>
        <div
          class="desktop:hidden mobile:flex tablet:flex rounded-xl w-full"
        >
          <div>
            WalletPortfolioGraph
          </div>
        </div>
        <div
          class="desktop:hidden mobile:flex tablet:flex w-full"
        >
          <div>
            WalletPortfolioButtons
          </div>
        </div>
        <div>
          TopTokens
        </div>
      </div>
      <div
        class="tablet:hidden mobile:hidden desktop:flex rounded-xl border-[1px] border-lighter_container_grey w-full"
      >
        <div>
          WalletPortfolioGraph
        </div>
      </div>
    </div>
  </div>,
  "debug": [Function],
  "findAllByAltText": [Function],
  "findAllByDisplayValue": [Function],
  "findAllByLabelText": [Function],
  "findAllByPlaceholderText": [Function],
  "findAllByRole": [Function],
  "findAllByTestId": [Function],
  "findAllByText": [Function],
  "findAllByTitle": [Function],
  "findByAltText": [Function],
  "findByDisplayValue": [Function],
  "findByLabelText": [Function],
  "findByPlaceholderText": [Function],
  "findByRole": [Function],
  "findByTestId": [Function],
  "findByText": [Function],
  "findByTitle": [Function],
  "getAllByAltText": [Function],
  "getAllByDisplayValue": [Function],
  "getAllByLabelText": [Function],
  "getAllByPlaceholderText": [Function],
  "getAllByRole": [Function],
  "getAllByTestId": [Function],
  "getAllByText": [Function],
  "getAllByTitle": [Function],
  "getByAltText": [Function],
  "getByDisplayValue": [Function],
  "getByLabelText": [Function],
  "getByPlaceholderText": [Function],
  "getByRole": [Function],
  "getByTestId": [Function],
  "getByText": [Function],
  "getByTitle": [Function],
  "queryAllByAltText": [Function],
  "queryAllByDisplayValue": [Function],
  "queryAllByLabelText": [Function],
  "queryAllByPlaceholderText": [Function],
  "queryAllByRole": [Function],
  "queryAllByTestId": [Function],
  "queryAllByText": [Function],
  "queryAllByTitle": [Function],
  "queryByAltText": [Function],
  "queryByDisplayValue": [Function],
  "queryByLabelText": [Function],
  "queryByPlaceholderText": [Function],
  "queryByRole": [Function],
  "queryByTestId": [Function],
  "queryByText": [Function],
  "queryByTitle": [Function],
  "rerender": [Function],
  "unmount": [Function],
}
`;
