// Vitest Snapshot v1, https://vitest.dev/guide/snapshot.html

exports[`WalletPortfolioBalance > renders correctly and matches snapshot 1`] = `
{
  "asFragment": [Function],
  "baseElement": <body>
    <div>
      <div
        class="flex w-full justify-between"
      >
        <div
          class="flex flex-col gap-4"
        >
          <div
            class="flex gap-1.5"
          >
            <img
              alt="wallet-portfolio-icon"
              class="w-7 h-5"
              src="wallet-portfolio-icon.png"
            />
            <p
              class="text-base font-medium undefined"
            >
              My portfolio
            </p>
          </div>
          <div
            data-testid="skeleton-loader"
          >
            Loading...
          </div>
        </div>
        <div
          class="flex w-fit h-fit items-center justify-center rounded-[10px] border-x-2 border-t-2 border-b-4 border-[#121116] cursor-pointer"
        >
          <img
            alt="refresh-button"
            class="w-9 h-[34px]"
            src="refresh-button.png"
          />
        </div>
      </div>
    </div>
  </body>,
  "container": <div>
    <div
      class="flex w-full justify-between"
    >
      <div
        class="flex flex-col gap-4"
      >
        <div
          class="flex gap-1.5"
        >
          <img
            alt="wallet-portfolio-icon"
            class="w-7 h-5"
            src="wallet-portfolio-icon.png"
          />
          <p
            class="text-base font-medium undefined"
          >
            My portfolio
          </p>
        </div>
        <div
          data-testid="skeleton-loader"
        >
          Loading...
        </div>
      </div>
      <div
        class="flex w-fit h-fit items-center justify-center rounded-[10px] border-x-2 border-t-2 border-b-4 border-[#121116] cursor-pointer"
      >
        <img
          alt="refresh-button"
          class="w-9 h-[34px]"
          src="refresh-button.png"
        />
      </div>
    </div>
  </div>,
  "debug": [Function],
  "findAllByAltText": [Function],
  "findAllByDisplayValue": [Function],
  "findAllByLabelText": [Function],
  "findAllByPlaceholderText": [Function],
  "findAllByRole": [Function],
  "findAllByTestId": [Function],
  "findAllByText": [Function],
  "findAllByTitle": [Function],
  "findByAltText": [Function],
  "findByDisplayValue": [Function],
  "findByLabelText": [Function],
  "findByPlaceholderText": [Function],
  "findByRole": [Function],
  "findByTestId": [Function],
  "findByText": [Function],
  "findByTitle": [Function],
  "getAllByAltText": [Function],
  "getAllByDisplayValue": [Function],
  "getAllByLabelText": [Function],
  "getAllByPlaceholderText": [Function],
  "getAllByRole": [Function],
  "getAllByTestId": [Function],
  "getAllByText": [Function],
  "getAllByTitle": [Function],
  "getByAltText": [Function],
  "getByDisplayValue": [Function],
  "getByLabelText": [Function],
  "getByPlaceholderText": [Function],
  "getByRole": [Function],
  "getByTestId": [Function],
  "getByText": [Function],
  "getByTitle": [Function],
  "queryAllByAltText": [Function],
  "queryAllByDisplayValue": [Function],
  "queryAllByLabelText": [Function],
  "queryAllByPlaceholderText": [Function],
  "queryAllByRole": [Function],
  "queryAllByTestId": [Function],
  "queryAllByText": [Function],
  "queryAllByTitle": [Function],
  "queryByAltText": [Function],
  "queryByDisplayValue": [Function],
  "queryByLabelText": [Function],
  "queryByPlaceholderText": [Function],
  "queryByRole": [Function],
  "queryByTestId": [Function],
  "queryByText": [Function],
  "queryByTitle": [Function],
  "rerender": [Function],
  "unmount": [Function],
}
`;
