// Vitest Snapshot v1, https://vitest.dev/guide/snapshot.html

exports[`<AdvertTile /> > renders correctly and matches snapshot 1`] = `null`;
