// Jest Snapshot v1, https://goo.gl/fbAQLP

exports[`<TokenGraphColumn /> renders correctly and matches snapshot 1`] = `
<div
  className="flex flex-col undefined mr-4"
  id="token-atlas-token-graph-column"
>
  <div
    className="flex flex-col w-full max-w-[460px]"
  >
    <div
      className="flex items-center gap-2 mb-2"
      id="token-atlas-graph-column-name-logo-symbol"
    >
      <div
        className="relative w-[30px] h-[30px] rounded-full"
      >
        <img
          alt="token-logo"
          className="w-full h-full object-fill rounded-full"
          data-testid="token-logo-graph-column"
          onError={[Function]}
          src="tokenLogo.png"
        />
      </div>
      <p
        className="text-[13px] font-semibold font-medium text-[27px] mobile:text-[25px]"
      >
        TOKEN
      </p>
      <p
        className="text-[13px] font-semibold text-[15px] mobile:text-[13px] text-white_light_grey pt-2"
      >
        TKN
      </p>
      <button
        className="flex w-fit ml-2 py-3 px-6 text-sm font-semibold uppercase truncate rounded bg-green hover:bg-[#5DE000] text-dark_grey"
        onClick={[Function]}
        type="button"
      >
        Buy 
        TKN
      </button>
    </div>
    <div
      className="flex justify-between items-center desktop:items-end"
      id="token-atlas-graph-column-price-change"
    >
      <h1
        className="text-[60px] mobile:text-[40px] mr-4"
        id="token-atlas-graph-column-price-today"
      >
        <span
          className="text-white_light_grey"
        >
          $
        </span>
        105
      </h1>
      <div
        className="flex mobile:flex-col tablet:flex-col items-end desktop:mb-5 mb-0"
        id="token-atlas-graph-column-price-change-percentage"
      >
        <img
          alt="arrow"
          className="w-[30px] mr-1 mobile:w-3.5 mobile:mb-2 false"
          src={
            {
              "ReactComponent": {
                "$$typeof": Symbol(react.forward_ref),
                "render": [Function],
              },
              "default": "arrow-circle-green.svg",
            }
          }
        />
        <div
          className="flex"
        >
          <p
            className="text-[13px] font-semibold text-[15px] mobile:text-[13px]"
          >
            0.440
          </p>
          <p
            className="text-[13px] font-semibold text-[11px] font-black mobile:text-[9px] self-start"
          >
            %
          </p>
        </div>
      </div>
    </div>
    <div
      className="flex rounded bg-medium_grey max-w-[460px] p-1 gap-1"
      id="token-atlas-graph-column-time-filter"
    >
      <button
        className="flex-1 text-[11px] font-semibold capitalize truncate py-3 rounded hover:bg-green hover:text-dark_grey text-white_grey bg-medium_grey"
        onClick={[Function]}
        type="button"
      >
        HOUR
      </button>
      <button
        className="flex-1 text-[11px] font-semibold capitalize truncate py-3 rounded hover:bg-green hover:text-dark_grey bg-green text-dark_grey"
        onClick={[Function]}
        type="button"
      >
        DAY
      </button>
      <button
        className="flex-1 text-[11px] font-semibold capitalize truncate py-3 rounded hover:bg-green hover:text-dark_grey text-white_grey bg-medium_grey"
        onClick={[Function]}
        type="button"
      >
        WEEK
      </button>
      <button
        className="flex-1 text-[11px] font-semibold capitalize truncate py-3 rounded hover:bg-green hover:text-dark_grey text-white_grey bg-medium_grey"
        onClick={[Function]}
        type="button"
      >
        MONTH
      </button>
      <button
        className="flex-1 text-[11px] font-semibold capitalize truncate py-3 rounded hover:bg-green hover:text-dark_grey text-white_grey bg-medium_grey"
        onClick={[Function]}
        type="button"
      >
        YEAR
      </button>
    </div>
  </div>
  <div
    className="flex w-[99%] mb-20 h-full max-h-[400px] mobile:mb-0"
    id="token-atlas-token-graph"
  >
    <canvas
      data-testid="price-graph"
      height={150}
      role="img"
      width={300}
    />
  </div>
</div>
`;
